[root@lvm ~]# lsblk
NAME                    MAJ:MIN RM  SIZE RO TYPE MOUNTPOINT
sda                       8:0    0   40G  0 disk 
├─sda1                    8:1    0    1M  0 part 
├─sda2                    8:2    0    1G  0 part /boot
└─sda3                    8:3    0   39G  0 part 
  ├─VolGroup00-LogVol00 253:0    0 37.5G  0 lvm  /
  └─VolGroup00-LogVol01 253:1    0  1.5G  0 lvm  [SWAP]
sdb                       8:16   0   10G  0 disk 
sdc                       8:32   0    2G  0 disk 
sdd                       8:48   0    1G  0 disk 
sde                       8:64   0    1G  0 disk 
[root@lvm ~]# pvcreate /dev/sdb
  Physical volume "/dev/sdb" successfully created.
[root@lvm ~]# vgcreate vg_tmp_root /dev/sdb
  Volume group "vg_tmp_root" successfully created
[root@lvm ~]# lvcreate -n lv_tmp_root -l +100%FREE /dev/vg_tmp_root
  Logical volume "lv_tmp_root" created.
[root@lvm ~]# lsblk
NAME                      MAJ:MIN RM  SIZE RO TYPE MOUNTPOINT
sda                         8:0    0   40G  0 disk 
├─sda1                      8:1    0    1M  0 part 
├─sda2                      8:2    0    1G  0 part /boot
└─sda3                      8:3    0   39G  0 part 
  ├─VolGroup00-LogVol00   253:0    0 37.5G  0 lvm  /
  └─VolGroup00-LogVol01   253:1    0  1.5G  0 lvm  [SWAP]
sdb                         8:16   0   10G  0 disk 
└─vg_tmp_root-lv_tmp_root 253:2    0   10G  0 lvm  
sdc                         8:32   0    2G  0 disk 
sdd                         8:48   0    1G  0 disk 
sde                         8:64   0    1G  0 disk 
[root@lvm ~]# mkfs.xfs /dev/vg_tmp_root//lv_tmp_root 
meta-data=/dev/vg_tmp_root//lv_tmp_root isize=512    agcount=4, agsize=655104 blks
         =                       sectsz=512   attr=2, projid32bit=1
         =                       crc=1        finobt=0, sparse=0
data     =                       bsize=4096   blocks=2620416, imaxpct=25
         =                       sunit=0      swidth=0 blks
naming   =version 2              bsize=4096   ascii-ci=0 ftype=1
log      =internal log           bsize=4096   blocks=2560, version=2
         =                       sectsz=512   sunit=0 blks, lazy-count=1
realtime =none                   extsz=4096   blocks=0, rtextents=0
[root@lvm ~]# mount /dev/vg_tmp_root/lv_tmp_root /mnt
[root@lvm ~]# lvdisplay
  --- Logical volume ---
  LV Path                /dev/VolGroup00/LogVol00
  LV Name                LogVol00
  VG Name                VolGroup00
  LV UUID                j6b8IV-KEw3-7bTw-Oqy8-1Ud3-juFC-SJBg12
  LV Write Access        read/write
  LV Creation host, time localhost.localdomain, 2018-05-12 18:50:24 +0000
  LV Status              available
  # open                 1
  LV Size                <37.47 GiB
  Current LE             1199
  Segments               1
  Allocation             inherit
  Read ahead sectors     auto
  - currently set to     8192
  Block device           253:0
   
  --- Logical volume ---
  LV Path                /dev/VolGroup00/LogVol01
  LV Name                LogVol01
  VG Name                VolGroup00
  LV UUID                IAjIC6-ScnM-tvH6-7BTy-TN31-hd82-bgDSzd
  LV Write Access        read/write
  LV Creation host, time localhost.localdomain, 2018-05-12 18:50:25 +0000
  LV Status              available
  # open                 2
  LV Size                1.50 GiB
  Current LE             48
  Segments               1
  Allocation             inherit
  Read ahead sectors     auto
  - currently set to     8192
  Block device           253:1
   
  --- Logical volume ---
  LV Path                /dev/vg_tmp_root/lv_tmp_root
  LV Name                lv_tmp_root
  VG Name                vg_tmp_root
  LV UUID                1VXbwR-3aL7-0xHw-J1Wt-IkhZ-jEgT-9eNwrP
  LV Write Access        read/write
  LV Creation host, time lvm, 2019-08-21 12:39:43 +0000
  LV Status              available
  # open                 1
  LV Size                <10.00 GiB
  Current LE             2559
  Segments               1
  Allocation             inherit
  Read ahead sectors     auto
  - currently set to     8192
  Block device           253:2
   
[root@lvm ~]# lvdisplay | grep 'LV Path'
  LV Path                /dev/VolGroup00/LogVol00
  LV Path                /dev/VolGroup00/LogVol01
  LV Path                /dev/vg_tmp_root/lv_tmp_root
[root@lvm ~]# df -Th /mnt
Filesystem                          Type  Size  Used Avail Use% Mounted on
/dev/mapper/vg_tmp_root-lv_tmp_root xfs    10G   33M   10G   1% /mnt
[root@lvm ~]# xfsdump -J - /dev/VolGroup00/LogVol00 | xfsrestore -J - /mnt
xfsrestore: using file dump (drive_simple) strategy
xfsrestore: version 3.1.7 (dump format 3.0)
xfsdump: using file dump (drive_simple) strategy
xfsdump: version 3.1.7 (dump format 3.0)
xfsdump: level 0 dump of lvm:/
xfsdump: dump date: Wed Aug 21 12:42:55 2019
xfsdump: session id: 1e80a6c4-a4b4-4c74-b0ae-5bcb6b7c2784
xfsdump: session label: ""
xfsrestore: searching media for dump
xfsdump: ino map phase 1: constructing initial dump list
xfsdump: ino map phase 2: skipping (no pruning necessary)
xfsdump: ino map phase 3: skipping (only one dump stream)
xfsdump: ino map construction complete
xfsdump: estimated dump size: 827289216 bytes
xfsdump: creating dump session media file 0 (media 0, file 0)
xfsdump: dumping ino map
xfsdump: dumping directories
xfsrestore: examining media file 0
xfsrestore: dump description: 
xfsrestore: hostname: lvm
xfsrestore: mount point: /
xfsrestore: volume: /dev/mapper/VolGroup00-LogVol00
xfsrestore: session time: Wed Aug 21 12:42:55 2019
xfsrestore: level: 0
xfsrestore: session label: ""
xfsrestore: media label: ""
xfsrestore: file system id: b60e9498-0baa-4d9f-90aa-069048217fee
xfsrestore: session id: 1e80a6c4-a4b4-4c74-b0ae-5bcb6b7c2784
xfsrestore: media id: 2d065a19-f569-405a-a7c0-fb04f45747c8
xfsrestore: searching media for directory dump
xfsrestore: reading directories
xfsdump: dumping non-directory files
xfsrestore: 3150 directories and 27111 entries processed
xfsrestore: directory post-processing
xfsrestore: restoring non-directory files
xfsdump: ending media file
xfsdump: media file size 799233816 bytes
xfsdump: dump size (non-dir files) : 783950360 bytes
xfsdump: dump complete: 11 seconds elapsed
xfsdump: Dump Status: SUCCESS
xfsrestore: restore complete: 12 seconds elapsed
xfsrestore: Restore Status: SUCCESS
[root@lvm ~]# for i in /proc/ /sys/ /dev/ /run/ /boot/; do mount --bind $i /mnt/$i; done
[root@lvm ~]# chroot /mnt/
[root@lvm /]# grub2-mkconfig -o /boot/grub2/grub.cfg
Generating grub configuration file ...
Found linux image: /boot/vmlinuz-3.10.0-862.2.3.el7.x86_64
Found initrd image: /boot/initramfs-3.10.0-862.2.3.el7.x86_64.img
done
[root@lvm /]# cd /boot ; for i in `ls initramfs-*img`; do dracut -v $i `echo $i|sed "s/initramfs-//g; s/.img//g"` --force; done
Executing: /sbin/dracut -v initramfs-3.10.0-862.2.3.el7.x86_64.img 3.10.0-862.2.3.el7.x86_64 --force
dracut module 'busybox' will not be installed, because command 'busybox' could not be found!
dracut module 'crypt' will not be installed, because command 'cryptsetup' could not be found!
dracut module 'dmraid' will not be installed, because command 'dmraid' could not be found!
dracut module 'dmsquash-live-ntfs' will not be installed, because command 'ntfs-3g' could not be found!
dracut module 'multipath' will not be installed, because command 'multipath' could not be found!
dracut module 'busybox' will not be installed, because command 'busybox' could not be found!
dracut module 'crypt' will not be installed, because command 'cryptsetup' could not be found!
dracut module 'dmraid' will not be installed, because command 'dmraid' could not be found!
dracut module 'dmsquash-live-ntfs' will not be installed, because command 'ntfs-3g' could not be found!
dracut module 'multipath' will not be installed, because command 'multipath' could not be found!
*** Including module: bash ***
*** Including module: nss-softokn ***
*** Including module: i18n ***
*** Including module: drm ***
*** Including module: plymouth ***
*** Including module: dm ***
Skipping udev rule: 64-device-mapper.rules
Skipping udev rule: 60-persistent-storage-dm.rules
Skipping udev rule: 55-dm.rules
*** Including module: kernel-modules ***
Omitting driver floppy
*** Including module: lvm ***
Skipping udev rule: 64-device-mapper.rules
Skipping udev rule: 56-lvm.rules
Skipping udev rule: 60-persistent-storage-lvm.rules
*** Including module: qemu ***
*** Including module: resume ***
*** Including module: rootfs-block ***
*** Including module: terminfo ***
*** Including module: udev-rules ***
Skipping udev rule: 40-redhat-cpu-hotplug.rules
Skipping udev rule: 91-permissions.rules
*** Including module: biosdevname ***
*** Including module: systemd ***
*** Including module: usrmount ***
*** Including module: base ***
*** Including module: fs-lib ***
*** Including module: shutdown ***
*** Including modules done ***
*** Installing kernel module dependencies and firmware ***
*** Installing kernel module dependencies and firmware done ***
*** Resolving executable dependencies ***
*** Resolving executable dependencies done***
*** Hardlinking files ***
*** Hardlinking files done ***
*** Stripping files ***
*** Stripping files done ***
*** Generating early-microcode cpio image contents ***
*** No early-microcode cpio image needed ***
*** Store current command line parameters ***
*** Creating image file ***
*** Creating image file done ***
*** Creating initramfs image file '/boot/initramfs-3.10.0-862.2.3.el7.x86_64.img' done ***
[root@lvm boot]# vi /boot/grub2/grub.cfg
[root@lvm boot]# lsblk
NAME                      MAJ:MIN RM  SIZE RO TYPE MOUNTPOINT
sda                         8:0    0   40G  0 disk 
├─sda1                      8:1    0    1M  0 part 
├─sda2                      8:2    0    1G  0 part /boot
└─sda3                      8:3    0   39G  0 part 
  ├─VolGroup00-LogVol00   253:0    0 37.5G  0 lvm  
  └─VolGroup00-LogVol01   253:1    0  1.5G  0 lvm  [SWAP]
sdb                         8:16   0   10G  0 disk 
└─vg_tmp_root-lv_tmp_root 253:2    0   10G  0 lvm  /
sdc                         8:32   0    2G  0 disk 
sdd                         8:48   0    1G  0 disk 
sde                         8:64   0    1G  0 disk 
[root@lvm boot]# ^C
[root@lvm boot]# lsblk
NAME                      MAJ:MIN RM  SIZE RO TYPE MOUNTPOINT
sda                         8:0    0   40G  0 disk 
├─sda1                      8:1    0    1M  0 part 
├─sda2                      8:2    0    1G  0 part /boot
└─sda3                      8:3    0   39G  0 part 
  ├─VolGroup00-LogVol00   253:0    0 37.5G  0 lvm  
  └─VolGroup00-LogVol01   253:1    0  1.5G  0 lvm  [SWAP]
sdb                         8:16   0   10G  0 disk 
└─vg_tmp_root-lv_tmp_root 253:2    0   10G  0 lvm  /
sdc                         8:32   0    2G  0 disk 
sdd                         8:48   0    1G  0 disk 
sde                         8:64   0    1G  0 disk 
[root@lvm boot]# vi /boot/grub2/grub.cfg
[root@lvm boot]# vi /boot/grub2/grub.cfg
[root@lvm boot]# vgdisplay
  --- Volume group ---
  VG Name               VolGroup00
  System ID             
  Format                lvm2
  Metadata Areas        1
  Metadata Sequence No  3
  VG Access             read/write
  VG Status             resizable
  MAX LV                0
  Cur LV                2
  Open LV               2
  Max PV                0
  Cur PV                1
  Act PV                1
  VG Size               <38.97 GiB
  PE Size               32.00 MiB
  Total PE              1247
  Alloc PE / Size       1247 / <38.97 GiB
  Free  PE / Size       0 / 0   
  VG UUID               SA8LTU-F2yz-FEV1-RdgT-hw0Z-iRxh-yHFKuU
   
  --- Volume group ---
  VG Name               vg_tmp_root
  System ID             
  Format                lvm2
  Metadata Areas        1
  Metadata Sequence No  2
  VG Access             read/write
  VG Status             resizable
  MAX LV                0
  Cur LV                1
  Open LV               1
  Max PV                0
  Cur PV                1
  Act PV                1
  VG Size               <10.00 GiB
  PE Size               4.00 MiB
  Total PE              2559
  Alloc PE / Size       2559 / <10.00 GiB
  Free  PE / Size       0 / 0   
  VG UUID               sufXif-scDj-lb4M-GfPc-bRn9-suPz-LaO361
   
[root@lvm boot]# lvdisplay
  --- Logical volume ---
  LV Path                /dev/VolGroup00/LogVol00
  LV Name                LogVol00
  VG Name                VolGroup00
  LV UUID                j6b8IV-KEw3-7bTw-Oqy8-1Ud3-juFC-SJBg12
  LV Write Access        read/write
  LV Creation host, time localhost.localdomain, 2018-05-12 18:50:24 +0000
  LV Status              available
  # open                 1
  LV Size                <37.47 GiB
  Current LE             1199
  Segments               1
  Allocation             inherit
  Read ahead sectors     auto
  - currently set to     8192
  Block device           253:0
   
  --- Logical volume ---
  LV Path                /dev/VolGroup00/LogVol01
  LV Name                LogVol01
  VG Name                VolGroup00
  LV UUID                IAjIC6-ScnM-tvH6-7BTy-TN31-hd82-bgDSzd
  LV Write Access        read/write
  LV Creation host, time localhost.localdomain, 2018-05-12 18:50:25 +0000
  LV Status              available
  # open                 2
  LV Size                1.50 GiB
  Current LE             48
  Segments               1
  Allocation             inherit
  Read ahead sectors     auto
  - currently set to     8192
  Block device           253:1
   
  --- Logical volume ---
  LV Path                /dev/vg_tmp_root/lv_tmp_root
  LV Name                lv_tmp_root
  VG Name                vg_tmp_root
  LV UUID                1VXbwR-3aL7-0xHw-J1Wt-IkhZ-jEgT-9eNwrP
  LV Write Access        read/write
  LV Creation host, time lvm, 2019-08-21 12:39:43 +0000
  LV Status              available
  # open                 1
  LV Size                <10.00 GiB
  Current LE             2559
  Segments               1
  Allocation             inherit
  Read ahead sectors     auto
  - currently set to     8192
  Block device           253:2
   
[root@lvm boot]# lsblk
NAME                      MAJ:MIN RM  SIZE RO TYPE MOUNTPOINT
sda                         8:0    0   40G  0 disk 
├─sda1                      8:1    0    1M  0 part 
├─sda2                      8:2    0    1G  0 part /boot
└─sda3                      8:3    0   39G  0 part 
  ├─VolGroup00-LogVol00   253:0    0 37.5G  0 lvm  
  └─VolGroup00-LogVol01   253:1    0  1.5G  0 lvm  [SWAP]
sdb                         8:16   0   10G  0 disk 
└─vg_tmp_root-lv_tmp_root 253:2    0   10G  0 lvm  /
sdc                         8:32   0    2G  0 disk 
sdd                         8:48   0    1G  0 disk 
sde                         8:64   0    1G  0 disk 
[root@lvm boot]# exit

[root@lvm ~]# shutdown -r now
Connection to 127.0.0.1 closed by remote host.
Connection to 127.0.0.1 closed.
[asurygin@asurygin-home 03-LVM]$ vagrant ssh
Last login: Wed Aug 21 12:37:49 2019 from 10.0.2.2
[vagrant@lvm ~]$ sudo -i
[root@lvm ~]# lsblk
NAME                      MAJ:MIN RM  SIZE RO TYPE MOUNTPOINT
sda                         8:0    0   40G  0 disk 
├─sda1                      8:1    0    1M  0 part 
├─sda2                      8:2    0    1G  0 part /boot
└─sda3                      8:3    0   39G  0 part 
  ├─VolGroup00-LogVol00   253:1    0 37.5G  0 lvm  
  └─VolGroup00-LogVol01   253:2    0  1.5G  0 lvm  [SWAP]
sdb                         8:16   0   10G  0 disk 
└─vg_tmp_root-lv_tmp_root 253:0    0   10G  0 lvm  /
sdc                         8:32   0    2G  0 disk 
sdd                         8:48   0    1G  0 disk 
sde                         8:64   0    1G  0 disk 
[root@lvm ~]# lvremove /dev/VolGroup00/LogVol00
Do you really want to remove active logical volume VolGroup00/LogVol00? [y/n]: y
  Logical volume "LogVol00" successfully removed
[root@lvm ~]# lsblk
NAME                      MAJ:MIN RM  SIZE RO TYPE MOUNTPOINT
sda                         8:0    0   40G  0 disk 
├─sda1                      8:1    0    1M  0 part 
├─sda2                      8:2    0    1G  0 part /boot
└─sda3                      8:3    0   39G  0 part 
  └─VolGroup00-LogVol01   253:2    0  1.5G  0 lvm  [SWAP]
sdb                         8:16   0   10G  0 disk 
└─vg_tmp_root-lv_tmp_root 253:0    0   10G  0 lvm  /
sdc                         8:32   0    2G  0 disk 
sdd                         8:48   0    1G  0 disk 
sde                         8:64   0    1G  0 disk 
[root@lvm ~]# lvcreate -n VolGroup00/LogVol00 -L 8G /dev/VolGroup00
WARNING: xfs signature detected on /dev/VolGroup00/LogVol00 at offset 0. Wipe it? [y/n]: y
  Wiping xfs signature on /dev/VolGroup00/LogVol00.
  Logical volume "LogVol00" created.
[root@lvm ~]# lsblk
NAME                      MAJ:MIN RM  SIZE RO TYPE MOUNTPOINT
sda                         8:0    0   40G  0 disk 
├─sda1                      8:1    0    1M  0 part 
├─sda2                      8:2    0    1G  0 part /boot
└─sda3                      8:3    0   39G  0 part 
  ├─VolGroup00-LogVol00   253:1    0    8G  0 lvm  
  └─VolGroup00-LogVol01   253:2    0  1.5G  0 lvm  [SWAP]
sdb                         8:16   0   10G  0 disk 
└─vg_tmp_root-lv_tmp_root 253:0    0   10G  0 lvm  /
sdc                         8:32   0    2G  0 disk 
sdd                         8:48   0    1G  0 disk 
sde                         8:64   0    1G  0 disk 
[root@lvm ~]# mkfs.xfs /dev/VolGroup00/LogVol00
meta-data=/dev/VolGroup00/LogVol00 isize=512    agcount=4, agsize=524288 blks
         =                       sectsz=512   attr=2, projid32bit=1
         =                       crc=1        finobt=0, sparse=0
data     =                       bsize=4096   blocks=2097152, imaxpct=25
         =                       sunit=0      swidth=0 blks
naming   =version 2              bsize=4096   ascii-ci=0 ftype=1
log      =internal log           bsize=4096   blocks=2560, version=2
         =                       sectsz=512   sunit=0 blks, lazy-count=1
realtime =none                   extsz=4096   blocks=0, rtextents=0

[root@lvm ~]# lsblk
NAME                      MAJ:MIN RM  SIZE RO TYPE MOUNTPOINT
sda                         8:0    0   40G  0 disk 
├─sda1                      8:1    0    1M  0 part 
├─sda2                      8:2    0    1G  0 part /boot
└─sda3                      8:3    0   39G  0 part 
  ├─VolGroup00-LogVol00   253:1    0    8G  0 lvm  /mnt
  └─VolGroup00-LogVol01   253:2    0  1.5G  0 lvm  [SWAP]
sdb                         8:16   0   10G  0 disk 
└─vg_tmp_root-lv_tmp_root 253:0    0   10G  0 lvm  /
sdc                         8:32   0    2G  0 disk 
sdd                         8:48   0    1G  0 disk 
sde                         8:64   0    1G  0 disk 
[root@lvm ~]# ls -l /mnt
total 0
[root@lvm ~]# cd /mnt
[root@lvm mnt]# ll
total 0
[root@lvm mnt]# df -Th /mnt
Filesystem                      Type  Size  Used Avail Use% Mounted on
/dev/mapper/VolGroup00-LogVol00 xfs   8.0G   33M  8.0G   1% /mnt
[root@lvm mnt]# xfsdump -J - /dev/vg_tmp_root/lv_tmp_root | xfsrestore -J - /mnt
xfsrestore: using file dump (drive_simple) strategy
xfsrestore: version 3.1.7 (dump format 3.0)
xfsdump: using file dump (drive_simple) strategy
xfsdump: version 3.1.7 (dump format 3.0)
xfsdump: level 0 dump of lvm:/
xfsdump: dump date: Wed Aug 21 12:56:36 2019
xfsdump: session id: 1114a288-31ab-43a9-9bdd-8161ad6f30d5
xfsdump: session label: ""
xfsrestore: searching media for dump
xfsdump: ino map phase 1: constructing initial dump list
xfsdump: ino map phase 2: skipping (no pruning necessary)
xfsdump: ino map phase 3: skipping (only one dump stream)
xfsdump: ino map construction complete
xfsdump: estimated dump size: 826414272 bytes
xfsdump: creating dump session media file 0 (media 0, file 0)
xfsdump: dumping ino map
xfsdump: dumping directories
xfsrestore: examining media file 0
xfsrestore: dump description: 
xfsrestore: hostname: lvm
xfsrestore: mount point: /
xfsrestore: volume: /dev/mapper/vg_tmp_root-lv_tmp_root
xfsrestore: session time: Wed Aug 21 12:56:36 2019
xfsrestore: level: 0
xfsrestore: session label: ""
xfsrestore: media label: ""
xfsrestore: file system id: bbdc76cc-a3ac-4815-8109-e32b359150f2
xfsrestore: session id: 1114a288-31ab-43a9-9bdd-8161ad6f30d5
xfsrestore: media id: 29f965c8-accc-4291-9742-f8467e7ae5d8
xfsrestore: searching media for directory dump
xfsrestore: reading directories
xfsdump: dumping non-directory files
xfsrestore: 3154 directories and 27116 entries processed
xfsrestore: directory post-processing
xfsrestore: restoring non-directory files
xfsdump: ending media file
xfsdump: media file size 797877864 bytes
xfsdump: dump size (non-dir files) : 782590720 bytes
xfsdump: dump complete: 9 seconds elapsed
xfsdump: Dump Status: SUCCESS
xfsrestore: restore complete: 9 seconds elapsed
xfsrestore: Restore Status: SUCCESS
[root@lvm mnt]# for i in /proc/ /sys/ /dev/ /run/ /boot/; do mount --bind $i /mnt/$i; done
[root@lvm mnt]# chroot /mnt/
[root@lvm /]# grub2-mkconfig -o /boot/grub2/grub.cfg
Generating grub configuration file ...
Found linux image: /boot/vmlinuz-3.10.0-862.2.3.el7.x86_64
Found initrd image: /boot/initramfs-3.10.0-862.2.3.el7.x86_64.img
done
[root@lvm /]# cd /boot ; for i in `ls initramfs-*img`; do dracut -v $i `echo $i|sed "s/initramfs-//g; s/.img//g"` --force; done
Executing: /sbin/dracut -v initramfs-3.10.0-862.2.3.el7.x86_64.img 3.10.0-862.2.3.el7.x86_64 --force
dracut module 'busybox' will not be installed, because command 'busybox' could not be found!
dracut module 'crypt' will not be installed, because command 'cryptsetup' could not be found!
dracut module 'dmraid' will not be installed, because command 'dmraid' could not be found!
dracut module 'dmsquash-live-ntfs' will not be installed, because command 'ntfs-3g' could not be found!
dracut module 'multipath' will not be installed, because command 'multipath' could not be found!
dracut module 'busybox' will not be installed, because command 'busybox' could not be found!
dracut module 'crypt' will not be installed, because command 'cryptsetup' could not be found!
dracut module 'dmraid' will not be installed, because command 'dmraid' could not be found!
dracut module 'dmsquash-live-ntfs' will not be installed, because command 'ntfs-3g' could not be found!
dracut module 'multipath' will not be installed, because command 'multipath' could not be found!
*** Including module: bash ***
*** Including module: nss-softokn ***
*** Including module: i18n ***
*** Including module: drm ***
*** Including module: plymouth ***
*** Including module: dm ***
Skipping udev rule: 64-device-mapper.rules
Skipping udev rule: 60-persistent-storage-dm.rules
Skipping udev rule: 55-dm.rules
*** Including module: kernel-modules ***
Omitting driver floppy
*** Including module: lvm ***
Skipping udev rule: 64-device-mapper.rules
Skipping udev rule: 56-lvm.rules
Skipping udev rule: 60-persistent-storage-lvm.rules
*** Including module: qemu ***
*** Including module: resume ***
*** Including module: rootfs-block ***
*** Including module: terminfo ***
*** Including module: udev-rules ***
Skipping udev rule: 40-redhat-cpu-hotplug.rules
Skipping udev rule: 91-permissions.rules
*** Including module: biosdevname ***
*** Including module: systemd ***
*** Including module: usrmount ***
*** Including module: base ***
*** Including module: fs-lib ***
*** Including module: shutdown ***
*** Including modules done ***
*** Installing kernel module dependencies and firmware ***
*** Installing kernel module dependencies and firmware done ***
*** Resolving executable dependencies ***
*** Resolving executable dependencies done***
*** Hardlinking files ***
*** Hardlinking files done ***
*** Stripping files ***
*** Stripping files done ***
*** Generating early-microcode cpio image contents ***
*** No early-microcode cpio image needed ***
*** Store current command line parameters ***
*** Creating image file ***
*** Creating image file done ***
*** Creating initramfs image file '/boot/initramfs-3.10.0-862.2.3.el7.x86_64.img' done ***
[root@lvm boot]# vi /boot/grub2/grub.cfg
[root@lvm boot]# lvdisplay 
  --- Logical volume ---
  LV Path                /dev/VolGroup00/LogVol01
  LV Name                LogVol01
  VG Name                VolGroup00
  LV UUID                IAjIC6-ScnM-tvH6-7BTy-TN31-hd82-bgDSzd
  LV Write Access        read/write
  LV Creation host, time localhost.localdomain, 2018-05-12 18:50:25 +0000
  LV Status              available
  # open                 2
  LV Size                1.50 GiB
  Current LE             48
  Segments               1
  Allocation             inherit
  Read ahead sectors     auto
  - currently set to     8192
  Block device           253:2
   
  --- Logical volume ---
  LV Path                /dev/VolGroup00/LogVol00
  LV Name                LogVol00
  VG Name                VolGroup00
  LV UUID                842boQ-gg70-BSdK-PYBh-h437-MRsU-Tzh5G5
  LV Write Access        read/write
  LV Creation host, time lvm, 2019-08-21 12:54:29 +0000
  LV Status              available
  # open                 1
  LV Size                8.00 GiB
  Current LE             256
  Segments               1
  Allocation             inherit
  Read ahead sectors     auto
  - currently set to     8192
  Block device           253:1
   
  --- Logical volume ---
  LV Path                /dev/vg_tmp_root/lv_tmp_root
  LV Name                lv_tmp_root
  VG Name                vg_tmp_root
  LV UUID                1VXbwR-3aL7-0xHw-J1Wt-IkhZ-jEgT-9eNwrP
  LV Write Access        read/write
  LV Creation host, time lvm, 2019-08-21 12:39:43 +0000
  LV Status              available
  # open                 1
  LV Size                <10.00 GiB
  Current LE             2559
  Segments               1
  Allocation             inherit
  Read ahead sectors     auto
  - currently set to     8192
  Block device           253:0
   
[root@lvm boot]# lsblk
NAME                      MAJ:MIN RM  SIZE RO TYPE MOUNTPOINT
sda                         8:0    0   40G  0 disk 
├─sda1                      8:1    0    1M  0 part 
├─sda2                      8:2    0    1G  0 part /boot
└─sda3                      8:3    0   39G  0 part 
  ├─VolGroup00-LogVol00   253:1    0    8G  0 lvm  /
  └─VolGroup00-LogVol01   253:2    0  1.5G  0 lvm  [SWAP]
sdb                         8:16   0   10G  0 disk 
└─vg_tmp_root-lv_tmp_root 253:0    0   10G  0 lvm  
sdc                         8:32   0    2G  0 disk 
sdd                         8:48   0    1G  0 disk 
sde                         8:64   0    1G  0 disk 
[root@lvm boot]# vi /boot/grub2/grub.cfg
[root@lvm boot]# exit
exit
[root@lvm mnt]# shutdown -r now
Connection to 127.0.0.1 closed by remote host.
Connection to 127.0.0.1 closed.
[asurygin@asurygin-home 03-LVM]$ vagrant ssh
Last login: Wed Aug 21 12:53:52 2019 from 10.0.2.2
[vagrant@lvm ~]$ lsblk
NAME                      MAJ:MIN RM  SIZE RO TYPE MOUNTPOINT
sda                         8:0    0   40G  0 disk 
├─sda1                      8:1    0    1M  0 part 
├─sda2                      8:2    0    1G  0 part /boot
└─sda3                      8:3    0   39G  0 part 
  ├─VolGroup00-LogVol00   253:0    0    8G  0 lvm  /
  └─VolGroup00-LogVol01   253:1    0  1.5G  0 lvm  [SWAP]
sdb                         8:16   0   10G  0 disk 
└─vg_tmp_root-lv_tmp_root 253:2    0   10G  0 lvm  
sdc                         8:32   0    2G  0 disk 
sdd                         8:48   0    1G  0 disk 
sde                         8:64   0    1G  0 disk 

[vagrant@lvm ~]$ lvremove /dev/vg_tmp_root/lv_tmp_root
  WARNING: Running as a non-root user. Functionality may be unavailable.
  /run/lvm/lvmetad.socket: access failed: Permission denied
  WARNING: Failed to connect to lvmetad. Falling back to device scanning.
  /dev/sda: open failed: Permission denied
  /dev/mapper/control: open failed: Permission denied
  Failure to communicate with kernel device-mapper driver.
  Incompatible libdevmapper 1.02.149-RHEL7 (2018-07-20) and kernel driver (unknown version).
  /dev/sda1: open failed: Permission denied
  /dev/sda2: open failed: Permission denied
  /dev/sda3: open failed: Permission denied
  /dev/sdb: open failed: Permission denied
  /dev/sdc: open failed: Permission denied
  /dev/sdd: open failed: Permission denied
  /dev/sde: open failed: Permission denied
  /run/lock/lvm/V_vg_tmp_root:aux: open failed: Permission denied
  Can't get lock for vg_tmp_root
  Cannot process volume group vg_tmp_root
[vagrant@lvm ~]$ sudo -i
[root@lvm ~]# lvremove /dev/vg_tmp_root/lv_tmp_root
Do you really want to remove active logical volume vg_tmp_root/lv_tmp_root? [y/n]: y
  Logical volume "lv_tmp_root" successfully removed
[root@lvm ~]# vgremove vg_tmp_root
  Volume group "vg_tmp_root" successfully removed
[root@lvm ~]# pvremove /dev/sdb
  Labels on physical volume "/dev/sdb" successfully wiped.
[root@lvm ~]# lsblk
NAME                    MAJ:MIN RM  SIZE RO TYPE MOUNTPOINT
sda                       8:0    0   40G  0 disk 
├─sda1                    8:1    0    1M  0 part 
├─sda2                    8:2    0    1G  0 part /boot
└─sda3                    8:3    0   39G  0 part 
  ├─VolGroup00-LogVol00 253:0    0    8G  0 lvm  /
  └─VolGroup00-LogVol01 253:1    0  1.5G  0 lvm  [SWAP]
sdb                       8:16   0   10G  0 disk 
sdc                       8:32   0    2G  0 disk 
sdd                       8:48   0    1G  0 disk 
sde                       8:64   0    1G  0 disk 
[root@lvm ~]# pvcreate /dev/sdc /dev/sdd
  Physical volume "/dev/sdc" successfully created.
  Physical volume "/dev/sdd" successfully created.
[root@lvm ~]# vgcreate vg_var /dev/sdc /dev/sdd
  Volume group "vg_var" successfully created
[root@lvm ~]# lvcreate -L 950M -m1 -n lv_var vg_var
  Rounding up size to full physical extent 952.00 MiB
  Logical volume "lv_var" created.
[root@lvm ~]# mkfs.ext4 /dev/vg_var/lv_var
mke2fs 1.42.9 (28-Dec-2013)
Filesystem label=
OS type: Linux
Block size=4096 (log=2)
Fragment size=4096 (log=2)
Stride=0 blocks, Stripe width=0 blocks
60928 inodes, 243712 blocks
12185 blocks (5.00%) reserved for the super user
First data block=0
Maximum filesystem blocks=249561088
8 block groups
32768 blocks per group, 32768 fragments per group
7616 inodes per group
Superblock backups stored on blocks: 
	32768, 98304, 163840, 229376

Allocating group tables: done                            
Writing inode tables: done                            
Creating journal (4096 blocks): done
Writing superblocks and filesystem accounting information: done

[root@lvm ~]# mount /dev/vg_var/lv_var /mnt
[root@lvm ~]# cp -aR /var/* /mnt/
[root@lvm ~]#  rsync -avHPSAX /var/ /mnt/
sending incremental file list
./
.updated
            163 100%    0.00kB/s    0:00:00 (xfr#1, ir-chk=1026/1028)
lib/nfs/rpc_pipefs/gssd/clntXX/info
              0 100%    0.00kB/s    0:00:00 (xfr#2, ir-chk=1004/1131)

sent 144,715 bytes  received 607 bytes  290,644.00 bytes/sec
total size is 147,175,454  speedup is 1,012.75
[root@lvm ~]# umount /mnt
[root@lvm ~]# mount /dev/vg_var/lv_var /var
[root@lvm ~]# df -h
Filesystem                       Size  Used Avail Use% Mounted on
/dev/mapper/VolGroup00-LogVol00  8.0G  826M  7.2G  11% /
devtmpfs                         110M     0  110M   0% /dev
tmpfs                            118M     0  118M   0% /dev/shm
tmpfs                            118M  4.6M  114M   4% /run
tmpfs                            118M     0  118M   0% /sys/fs/cgroup
/dev/sda2                       1014M   61M  954M   6% /boot
/dev/mapper/vg_var-lv_var        922M  150M  709M  18% /var
tmpfs                             24M     0   24M   0% /run/user/1000
[root@lvm ~]# lvdisplay 
  --- Logical volume ---
  LV Path                /dev/VolGroup00/LogVol01
  LV Name                LogVol01
  VG Name                VolGroup00
  LV UUID                IAjIC6-ScnM-tvH6-7BTy-TN31-hd82-bgDSzd
  LV Write Access        read/write
  LV Creation host, time localhost.localdomain, 2018-05-12 18:50:25 +0000
  LV Status              available
  # open                 2
  LV Size                1.50 GiB
  Current LE             48
  Segments               1
  Allocation             inherit
  Read ahead sectors     auto
  - currently set to     8192
  Block device           253:1
   
  --- Logical volume ---
  LV Path                /dev/VolGroup00/LogVol00
  LV Name                LogVol00
  VG Name                VolGroup00
  LV UUID                842boQ-gg70-BSdK-PYBh-h437-MRsU-Tzh5G5
  LV Write Access        read/write
  LV Creation host, time lvm, 2019-08-21 12:54:29 +0000
  LV Status              available
  # open                 1
  LV Size                8.00 GiB
  Current LE             256
  Segments               1
  Allocation             inherit
  Read ahead sectors     auto
  - currently set to     8192
  Block device           253:0
   
  --- Logical volume ---
  LV Path                /dev/vg_var/lv_var
  LV Name                lv_var
  VG Name                vg_var
  LV UUID                DjP6m6-GmLd-R2cn-OuGR-JnhZ-JOjf-lAvYlV
  LV Write Access        read/write
  LV Creation host, time lvm, 2019-08-21 13:16:58 +0000
  LV Status              available
  # open                 1
  LV Size                952.00 MiB
  Current LE             238
  Mirrored volumes       2
  Segments               1
  Allocation             inherit
  Read ahead sectors     auto
  - currently set to     8192
  Block device           253:6
   
[root@lvm ~]# echo "`blkid | grep var: | awk '{print $2}'` /var ext4 defaults 0 0" >> /etc/fstab
[root@lvm ~]# lsblk
NAME                     MAJ:MIN RM  SIZE RO TYPE MOUNTPOINT
sda                        8:0    0   40G  0 disk 
├─sda1                     8:1    0    1M  0 part 
├─sda2                     8:2    0    1G  0 part /boot
└─sda3                     8:3    0   39G  0 part 
  ├─VolGroup00-LogVol00  253:0    0    8G  0 lvm  /
  └─VolGroup00-LogVol01  253:1    0  1.5G  0 lvm  [SWAP]
sdb                        8:16   0   10G  0 disk 
sdc                        8:32   0    2G  0 disk 
├─vg_var-lv_var_rmeta_0  253:2    0    4M  0 lvm  
│ └─vg_var-lv_var        253:6    0  952M  0 lvm  /var
└─vg_var-lv_var_rimage_0 253:3    0  952M  0 lvm  
  └─vg_var-lv_var        253:6    0  952M  0 lvm  /var
sdd                        8:48   0    1G  0 disk 
├─vg_var-lv_var_rmeta_1  253:4    0    4M  0 lvm  
│ └─vg_var-lv_var        253:6    0  952M  0 lvm  /var
└─vg_var-lv_var_rimage_1 253:5    0  952M  0 lvm  
  └─vg_var-lv_var        253:6    0  952M  0 lvm  /var
sde                        8:64   0    1G  0 disk 
[root@lvm ~]# lvcreate -n LogVol_Home -L 2G /dev/VolGroup00
  Logical volume "LogVol_Home" created.
[root@lvm ~]# mkfs.xfs /dev/VolGroup00/LogVol_Home
meta-data=/dev/VolGroup00/LogVol_Home isize=512    agcount=4, agsize=131072 blks
         =                       sectsz=512   attr=2, projid32bit=1
         =                       crc=1        finobt=0, sparse=0
data     =                       bsize=4096   blocks=524288, imaxpct=25
         =                       sunit=0      swidth=0 blks
naming   =version 2              bsize=4096   ascii-ci=0 ftype=1
log      =internal log           bsize=4096   blocks=2560, version=2
         =                       sectsz=512   sunit=0 blks, lazy-count=1
realtime =none                   extsz=4096   blocks=0, rtextents=0
[root@lvm ~]# mount /dev/VolGroup00/LogVol_Home /mnt/
[root@lvm ~]# cp -aR /home/* /mnt/ 
[root@lvm ~]# rm -rf /home/*
[root@lvm ~]# umount /mnt
[root@lvm ~]# mount /dev/VolGroup00/LogVol_Home /home/
[root@lvm ~]# echo "`blkid | grep Home | awk '{print $2}'` /home xfs defaults 0 0" >> /etc/fstab
[root@lvm ~]# touch /home/file{1..20}
[root@lvm ~]# lvcreate -L 100MB -s -n home_snap /dev/VolGroup00/LogVol_Home
  Rounding up size to full physical extent 128.00 MiB
  Logical volume "home_snap" created.
[root@lvm ~]# rm -f /home/file{11..20}
[root@lvm ~]# umount /home
[root@lvm ~]# lvconvert --merge /dev/VolGroup00/home_snap
  Merging of volume VolGroup00/home_snap started.
  VolGroup00/LogVol_Home: Merged: 100.00%
[root@lvm ~]# mount /home
[root@lvm ~]# ls -l /home
total 0
-rw-r--r--. 1 root    root     0 Aug 21 13:20 file1
-rw-r--r--. 1 root    root     0 Aug 21 13:20 file10
-rw-r--r--. 1 root    root     0 Aug 21 13:20 file11
-rw-r--r--. 1 root    root     0 Aug 21 13:20 file12
-rw-r--r--. 1 root    root     0 Aug 21 13:20 file13
-rw-r--r--. 1 root    root     0 Aug 21 13:20 file14
-rw-r--r--. 1 root    root     0 Aug 21 13:20 file15
-rw-r--r--. 1 root    root     0 Aug 21 13:20 file16
-rw-r--r--. 1 root    root     0 Aug 21 13:20 file17
-rw-r--r--. 1 root    root     0 Aug 21 13:20 file18
-rw-r--r--. 1 root    root     0 Aug 21 13:20 file19
-rw-r--r--. 1 root    root     0 Aug 21 13:20 file2
-rw-r--r--. 1 root    root     0 Aug 21 13:20 file20
-rw-r--r--. 1 root    root     0 Aug 21 13:20 file3
-rw-r--r--. 1 root    root     0 Aug 21 13:20 file4
-rw-r--r--. 1 root    root     0 Aug 21 13:20 file5
-rw-r--r--. 1 root    root     0 Aug 21 13:20 file6
-rw-r--r--. 1 root    root     0 Aug 21 13:20 file7
-rw-r--r--. 1 root    root     0 Aug 21 13:20 file8
-rw-r--r--. 1 root    root     0 Aug 21 13:20 file9
drwx------. 3 vagrant vagrant 74 May 12  2018 vagrant
[root@lvm ~]# df -Th /home
Filesystem                         Type  Size  Used Avail Use% Mounted on
/dev/mapper/VolGroup00-LogVol_Home xfs   2.0G   33M  2.0G   2% /home

